{
    "-profile test": {
        "content": [
            1,
            [
                "example.pdf",
                "pipeline_info"
            ],
            "No stable content"
        ],
        "timestamp": "2026-04-17T11:28:27.388788946",
        "meta": {
            "nf-test": "0.9.5",
            "nextflow": "26.03.2"
        }
    }
}